
> makeroute@0.0.0 build
> vite build

[36mvite v6.2.5 [32mbuilding for production...[36m[39m
transforming...
[32mΓ£ô[39m 1757 modules transformed.
rendering chunks...
computing gzip size...
[2mdist/[22m[32mindex.html                                         [39m[1m[2m    0.64 kB[22m[1m[22m[2m Γöé gzip:   0.37 kB[22m
[2mdist/[22m[32massets/easyMove-CSOvtwMW.png                       [39m[1m[2m   15.01 kB[22m[1m[22m
[2mdist/[22m[32massets/materialdesignicons-webfont-Dp5v-WZN.woff2  [39m[1m[2m  403.22 kB[22m[1m[22m
[2mdist/[22m[32massets/materialdesignicons-webfont-PXm3-2wK.woff   [39m[1m[2m  587.98 kB[22m[1m[22m
[2mdist/[22m[32massets/materialdesignicons-webfont-B7mPwVP_.ttf    [39m[1m[2m1,307.66 kB[22m[1m[22m
[2mdist/[22m[32massets/materialdesignicons-webfont-CSr8KVlo.eot    [39m[1m[2m1,307.88 kB[22m[1m[22m
[2mdist/[22m[32massets/traffic-D3rqF0JY.jpg                        [39m[1m[2m5,524.27 kB[22m[1m[22m
[2mdist/[22m[35massets/index-LFg9SoaT.css                          [39m[1m[2m1,044.10 kB[22m[1m[22m[2m Γöé gzip: 153.22 kB[22m
[2mdist/[22m[36massets/purify.es-CQJ0hv7W.js                       [39m[1m[2m   21.82 kB[22m[1m[22m[2m Γöé gzip:   8.54 kB[22m
[2mdist/[22m[36massets/index.es-DoonLHO4.js                        [39m[1m[2m  159.27 kB[22m[1m[22m[2m Γöé gzip:  53.21 kB[22m
[2mdist/[22m[36massets/html2canvas.esm-CBrSDip1.js                 [39m[1m[2m  202.30 kB[22m[1m[22m[2m Γöé gzip:  47.70 kB[22m
[2mdist/[22m[36massets/index-Xgs-dC5C.js                           [39m[1m[33m1,747.07 kB[39m[22m[2m Γöé gzip: 550.23 kB[22m
npm : [33m
At line:1 char:79
+ ... front-makeroute\makeroute"; npm run build *> build-output.txt; Get-Co ...
+                                 ~~~~~~~~~~~~~~~~~~~~~~~~~~~~~~~~~
    + CategoryInfo          : NotSpecified: ([33m:String) [], RemoteException
    + FullyQualifiedErrorId : NativeCommandError
 
(!) Some chunks are larger than 500 kB after minification. Consider:
- Using dynamic import() to code-split the application
- Use build.rollupOptions.output.manualChunks to improve chunking: 
https://rollupjs.org/configuration-options/#output-manualchunks
- Adjust chunk size limit for this warning via 
build.chunkSizeWarningLimit.[39m
[32mΓ£ô built in 29.15s[39m
